SyntaxError: Bad escaped character in JSON at position 8 (line 1 column 9)
    at JSON.parse (<anonymous>)
    at parse (C:\Users\SriHariThangavel\Documents\Dev-IT\node_modules\body-parser\lib\types\json.js:96:19)
    at C:\Users\SriHariThangavel\Documents\Dev-IT\node_modules\body-parser\lib\read.js:128:18
    at AsyncResource.runInAsyncScope (node:async_hooks:227:14)
    at invokeCallback (C:\Users\SriHariThangavel\Documents\Dev-IT\node_modules\raw-body\index.js:238:16)
    at done (C:\Users\SriHariThangavel\Documents\Dev-IT\node_modules\raw-body\index.js:227:7)
    at IncomingMessage.onEnd (C:\Users\SriHariThangavel\Documents\Dev-IT\node_modules\raw-body\index.js:287:7)
    at IncomingMessage.emit (node:events:509:28)
    at endReadableNT (node:internal/streams/readable:1729:12)
    at process.processTicksAndRejections (node:internal/process/task_queues:90:21)
SyntaxError: Bad escaped character in JSON at position 8 (line 1 column 9)
    at JSON.parse (<anonymous>)
    at parse (C:\Users\SriHariThangavel\Documents\Dev-IT\node_modules\body-parser\lib\types\json.js:96:19)
    at C:\Users\SriHariThangavel\Documents\Dev-IT\node_modules\body-parser\lib\read.js:128:18
    at AsyncResource.runInAsyncScope (node:async_hooks:227:14)
    at invokeCallback (C:\Users\SriHariThangavel\Documents\Dev-IT\node_modules\raw-body\index.js:238:16)
    at done (C:\Users\SriHariThangavel\Documents\Dev-IT\node_modules\raw-body\index.js:227:7)
    at IncomingMessage.onEnd (C:\Users\SriHariThangavel\Documents\Dev-IT\node_modules\raw-body\index.js:287:7)
    at IncomingMessage.emit (node:events:509:28)
    at endReadableNT (node:internal/streams/readable:1729:12)
    at process.processTicksAndRejections (node:internal/process/task_queues:90:21)
